<?xml version="1.0" encoding="utf-8"?><testsuites><testsuite name="pytest" errors="0" failures="0" skipped="0" tests="5" time="0.819" timestamp="2025-04-27T14:00:00.948267-07:00" hostname="Brans-Mac-mini.local"><testcase classname="tests.test_adapters.TestGenericAdapter" name="test_init" time="0.002" /><testcase classname="tests.test_adapters.TestGenericAdapter" name="test_get_max_query_size" time="0.001" /><testcase classname="tests.test_adapters.TestGenericAdapter" name="test_execute_select" time="0.001" /><testcase classname="tests.test_adapters.TestGenericAdapter" name="test_execute_insert" time="0.001" /><testcase classname="tests.test_adapters.TestGenericAdapter" name="test_transactions" time="0.001" /></testsuite></testsuites>